// Jest Snapshot v1, https://goo.gl/fbAQLP

exports[`renders 1`] = `
<DocumentFragment>
  <div>
    <a
      data-testid="a-tag"
      href="/"
    >
      test name
    </a>
  </div>
  next component
</DocumentFragment>
`;
